---
source: tests/golden.rs
expression: content
---
---
description: "website — docs_agent rules"
globs: "docs/**"
alwaysApply: false
---

# Role: `docs_agent`

This rule applies when editing files matching: `docs/**`

## Allowed paths for this role

- `docs/**`

## Forbidden paths for this role

- `src/**`

---

*Defined in `agent-policy.yaml` → roles → docs_agent*
