---
source: tests/golden.rs
expression: content
---
---
description: "website — frontend_agent rules"
trigger: glob
globs:
  - "src/**"
  - "public/**"
---

# Role: `frontend_agent`

This rule applies when editing files mapped to this role.

## Allowed paths for this role

- `src/**`
- `public/**`

## Forbidden paths for this role

- `functions/**`
- `deployment.json`
- `.github/**`

---

*Defined in `agent-policy.yaml` → roles → frontend_agent*
