---
source: tests/golden.rs
expression: content
---
# Role: `docs_agent`

This rule applies when interacting with files relevant to this role.

## Allowed paths for this role

- `docs/**`
- `content/**`

## Forbidden paths for this role

- `src/**`
- `functions/**`
- `.github/**`

---

*Defined in `agent-policy.yaml` → roles → docs_agent*
